Component: ARM Compiler 5.05 update 1 (build 106) Tool: armlink [4d0efa]

==============================================================================

Section Cross References

    main.o(.text) refers to stm32f10x_rcc.o(.text) for RCC_APB2PeriphClockCmd
    main.o(.text) refers to stm32f10x_gpio.o(.text) for GPIO_PinRemapConfig
    main.o(.text) refers to menu.o(.text) for print
    main.o(.text) refers to delay.o(.text) for delay_ms
    main.o(.text) refers to store.o(.text) for Flash_Write_Mass
    main.o(.text) refers to lcd.o(.text) for poll_main_net_status
    main.o(.text) refers to 24cxx.o(.text) for AT24CXX_WriteOneByte
    main.o(.text) refers to tasks.o(.text) for vTaskDelay
    main.o(.text) refers to modbus.o(.text) for modbus_init
    main.o(.text) refers to bacnet_function.o(.text) for Set_Object_Name
    main.o(.text) refers to device.o(.text) for Device_Init
    main.o(.text) refers to address.o(.text) for address_init
    main.o(.text) refers to bip.o(.text) for bip_set_broadcast_addr
    main.o(.text) refers to dlmstp.o(.text) for dlmstp_init
    main.o(.text) refers to rs485.o(.text) for Recievebuf_Initialize
    main.o(.text) refers to datalink.o(.text) for datalink_receive
    main.o(.text) refers to h_npdu.o(.text) for npdu_handler
    main.o(.text) refers to timer.o(.text) for timer_set
    main.o(.text) refers to tapdev.o(.text) for tapdev_read
    main.o(.text) refers to uip.o(.text) for htons
    main.o(.text) refers to uip_arp.o(.text) for uip_arp_out
    main.o(.text) refers to stm32f10x_iwdg.o(.text) for IWDG_ReloadCounter
    main.o(.text) refers to temperature.o(.text) for initial_hum_eep
    main.o(.text) refers to modbus.o(.bss) for modbus
    main.o(.text) refers to udp_scan.o(.data) for IP_Change
    main.o(.text) refers to modbus.o(.data) for receive_delay_time
    main.o(.text) refers to bacnet_function.o(.data) for panelname
    main.o(.text) refers to main.o(.data) for Instance
    main.o(.text) refers to ai.o(.data) for AIS
    main.o(.text) refers to ao.o(.data) for AOS
    main.o(.text) refers to bo.o(.data) for BOS
    main.o(.text) refers to av.o(.data) for AVS
    main.o(.text) refers to main.o(.bss) for PDUBuffer
    main.o(.text) refers to uip.o(.data) for uip_len
    main.o(.text) refers to uip.o(.bss) for uip_buf
    main.o(.text) refers to usart.o(.text) for uart1_init
    main.o(.text) refers to co2.o(.data) for alarm_state
    main.o(.text) refers to analog_output.o(.data) for output_range_table
    main.o(.text) refers to menu.o(.data) for use_password
    main.o(.text) refers to humidity.o(.bss) for HumSensor
    main.o(.text) refers to temperature.o(.data) for Temperature_Filter
    main.o(.text) refers to analog_output.o(.bss) for output_offset
    main.o(.text) refers to misc.o(.text) for NVIC_SetVectorTable
    main.o(.text) refers to queue.o(.text) for xQueueCreate
    main.o(.text) refers to spi.o(.text) for SPI1_Init
    main.o(.text) refers to subnet_scan.o(.data) for qSubSerial3
    main.o(.text) refers to sub_net.o(.data) for qSubSerial
    main.o(.text) refers to pid.o(.text) for vStartPIDTask
    main.o(.text) refers to analog_output.o(.text) for vOutPutTask
    main.o(.text) refers to key.o(.text) for vKEYTask
    stm32f10x_it.o(.text) refers to menu.o(.text) for print
    system_stm32f10x.o(.text) refers to system_stm32f10x.o(.data) for SystemCoreClock
    stm32f10x_adc.o(.text) refers to stm32f10x_rcc.o(.text) for RCC_APB2PeriphResetCmd
    stm32f10x_dac.o(.text) refers to stm32f10x_rcc.o(.text) for RCC_APB1PeriphResetCmd
    stm32f10x_gpio.o(.text) refers to stm32f10x_rcc.o(.text) for RCC_APB2PeriphResetCmd
    stm32f10x_rcc.o(.text) refers to stm32f10x_rcc.o(.data) for APBAHBPrescTable
    stm32f10x_spi.o(.text) refers to stm32f10x_rcc.o(.text) for RCC_APB2PeriphResetCmd
    stm32f10x_tim.o(.text) refers to stm32f10x_rcc.o(.text) for RCC_APB2PeriphResetCmd
    stm32f10x_usart.o(.text) refers to stm32f10x_rcc.o(.text) for RCC_APB2PeriphResetCmd
    stm32f10x_wwdg.o(.text) refers to stm32f10x_rcc.o(.text) for RCC_APB1PeriphResetCmd
    stm32f10x_bkp.o(.text) refers to stm32f10x_rcc.o(.text) for RCC_BackupResetCmd
    stm32f10x_pwr.o(.text) refers to stm32f10x_rcc.o(.text) for RCC_APB1PeriphResetCmd
    startup_stm32f10x_hd.o(RESET) refers to startup_stm32f10x_hd.o(STACK) for __initial_sp
    startup_stm32f10x_hd.o(RESET) refers to startup_stm32f10x_hd.o(.text) for Reset_Handler
    startup_stm32f10x_hd.o(RESET) refers to stm32f10x_it.o(.text) for NMI_Handler
    startup_stm32f10x_hd.o(RESET) refers to port.o(.emb_text) for vPortSVCHandler
    startup_stm32f10x_hd.o(RESET) refers to port.o(.text) for xPortSysTickHandler
    startup_stm32f10x_hd.o(RESET) refers to rtc.o(.text) for RTC_IRQHandler
    startup_stm32f10x_hd.o(RESET) refers to timerx.o(.text) for TIM3_IRQHandler
    startup_stm32f10x_hd.o(RESET) refers to modbus.o(.text) for USART1_IRQHandler
    startup_stm32f10x_hd.o(RESET) refers to sub_net.o(.text) for USART2_IRQHandler
[...]
    characterstring_ansi_same                0x08028e1f   Thumb Code    86  bacstr.o(.text)
    characterstring_append                   0x08028e75   Thumb Code    48  bacstr.o(.text)
    characterstring_truncate                 0x08028ea5   Thumb Code    22  bacstr.o(.text)
    characterstring_capacity                 0x08028ebb   Thumb Code    14  bacstr.o(.text)
    characterstring_set_encoding             0x08028ec9   Thumb Code    14  bacstr.o(.text)
    characterstring_printable                0x08028ed7   Thumb Code    52  bacstr.o(.text)
    utf8_isvalid                             0x08028f0b   Thumb Code   182  bacstr.o(.text)
    characterstring_valid                    0x08028fc1   Thumb Code    34  bacstr.o(.text)
    octetstring_init                         0x08028fe3   Thumb Code    80  bacstr.o(.text)
    octetstring_init_ascii_hex               0x08029033   Thumb Code    28  bacstr.o(.text)
    octetstring_length                       0x0802904f   Thumb Code    12  bacstr.o(.text)
    octetstring_value                        0x0802905b   Thumb Code    12  bacstr.o(.text)
    octetstring_copy                         0x08029067   Thumb Code    30  bacstr.o(.text)
    octetstring_copy_value                   0x08029085   Thumb Code    40  bacstr.o(.text)
    octetstring_append                       0x080290ad   Thumb Code    48  bacstr.o(.text)
    octetstring_truncate                     0x080290dd   Thumb Code    22  bacstr.o(.text)
    octetstring_capacity                     0x080290f3   Thumb Code    14  bacstr.o(.text)
    octetstring_value_same                   0x08029101   Thumb Code    58  bacstr.o(.text)
    CRC_Calc_Header                          0x08029141   Thumb Code    42  crc.o(.text)
    CRC_Calc_Data                            0x0802916b   Thumb Code    36  crc.o(.text)
    handler_who_is                           0x08029191   Thumb Code    64  h_whois.o(.text)
    handler_write_property                   0x080291d9   Thumb Code   438  h_wp.o(.text)
    WPValidateArgType                        0x0802938f   Thumb Code    24  h_wp.o(.text)
    npdu_copy_data                           0x080293b1   Thumb Code    38  npdu.o(.text)
    npdu_encode_pdu                          0x080293d7   Thumb Code   266  npdu.o(.text)
    npdu_encode_npdu_data                    0x080294e1   Thumb Code    30  npdu.o(.text)
    npdu_decode                              0x080294ff   Thumb Code   358  npdu.o(.text)
    iam_encode_pdu                           0x08029665   Thumb Code    84  s_iam.o(.text)
    Send_I_Am                                0x080296b9   Thumb Code    38  s_iam.o(.text)
    iam_unicast_encode_pdu                   0x080296df   Thumb Code    80  s_iam.o(.text)
    Send_I_Am_Unicast                        0x0802972f   Thumb Code    36  s_iam.o(.text)
    Send_WhoIs_To_Network                    0x08029755   Thumb Code    88  s_whois.o(.text)
    Send_WhoIs_Global                        0x080297ad   Thumb Code    34  s_whois.o(.text)
    Send_WhoIs_Local                         0x080297cf   Thumb Code   114  s_whois.o(.text)
    Send_WhoIs_Remote                        0x08029841   Thumb Code    38  s_whois.o(.text)
    Send_WhoIs                               0x08029867   Thumb Code     2  s_whois.o(.text)
    abort_convert_error_code                 0x0802986d   Thumb Code    40  abort.o(.text)
    abort_encode_apdu                        0x08029895   Thumb Code    30  abort.o(.text)
    abort_decode_service_request             0x080298b3   Thumb Code    24  abort.o(.text)
    bacerror_encode_apdu                     0x080298cb   Thumb Code    42  bacerror.o(.text)
    bacerror_decode_error_class_and_code     0x080298f5   Thumb Code   110  bacerror.o(.text)
    bacerror_decode_service_request          0x08029963   Thumb Code    42  bacerror.o(.text)
    decode_real                              0x0802998d   Thumb Code    34  bacreal.o(.text)
    decode_real_safe                         0x080299af   Thumb Code    20  bacreal.o(.text)
    decode_context_real                      0x080299c3   Thumb Code    52  bacreal.o(.text)
    encode_bacnet_real                       0x080299f7   Thumb Code    32  bacreal.o(.text)
    decode_double                            0x08029a17   Thumb Code    60  bacreal.o(.text)
    decode_double_safe                       0x08029a53   Thumb Code    22  bacreal.o(.text)
    encode_bacnet_double                     0x08029a69   Thumb Code    58  bacreal.o(.text)
    decode_context_double                    0x08029aa3   Thumb Code    50  bacreal.o(.text)
    datetime_is_leap_year                    0x08029ad5   Thumb Code    38  datetime.o(.text)
    datetime_month_days                      0x08029afb   Thumb Code    52  datetime.o(.text)
    datetime_ymd_is_valid                    0x08029b2f   Thumb Code    36  datetime.o(.text)
    datetime_date_is_valid                   0x08029b53   Thumb Code    24  datetime.o(.text)
    datetime_day_of_week                     0x08029c29   Thumb Code    20  datetime.o(.text)
    datetime_set_date                        0x08029c3d   Thumb Code    28  datetime.o(.text)
    datetime_day_of_year_into_date           0x08029c59   Thumb Code    40  datetime.o(.text)
    datetime_day_of_year                     0x08029c81   Thumb Code    24  datetime.o(.text)
    datetime_days_since_epoch                0x08029c99   Thumb Code    24  datetime.o(.text)
    datetime_days_since_epoch_into_date      0x08029d31   Thumb Code    42  datetime.o(.text)
    datetime_time_is_valid                   0x08029d5b   Thumb Code    36  datetime.o(.text)
    datetime_is_valid                        0x08029d7f   Thumb Code    26  datetime.o(.text)
    datetime_compare_date                    0x08029d99   Thumb Code    40  datetime.o(.text)
    datetime_compare_time                    0x08029dc1   Thumb Code    50  datetime.o(.text)
    datetime_compare                         0x08029df3   Thumb Code    30  datetime.o(.text)
    datetime_wildcard_compare_date           0x08029e11   Thumb Code    70  datetime.o(.text)
    datetime_wildcard_compare_time           0x08029e57   Thumb Code    84  datetime.o(.text)
    datetime_wildcard_compare                0x08029eab   Thumb Code    30  datetime.o(.text)
    datetime_copy_date                       0x08029ec9   Thumb Code    32  datetime.o(.text)
    datetime_copy_time                       0x08029ee9   Thumb Code    26  datetime.o(.text)
    datetime_copy                            0x08029f03   Thumb Code    24  datetime.o(.text)
    datetime_set_time                        0x08029f1b   Thumb Code    18  datetime.o(.text)
    datetime_set                             0x08029f2d   Thumb Code    46  datetime.o(.text)
    datetime_set_values                      0x08029f5b   Thumb Code    46  datetime.o(.text)
    datetime_seconds_since_midnight          0x08029fdd   Thumb Code    24  datetime.o(.text)
    datetime_minutes_since_midnight          0x08029ff5   Thumb Code    22  datetime.o(.text)
    datetime_add_minutes                     0x0802a00b   Thumb Code   142  datetime.o(.text)
    datetime_wildcard                        0x0802a099   Thumb Code    64  datetime.o(.text)
    datetime_wildcard_present                0x0802a0d9   Thumb Code    58  datetime.o(.text)
    datetime_date_wildcard_set               0x0802a113   Thumb Code    20  datetime.o(.text)
    datetime_time_wildcard_set               0x0802a127   Thumb Code    16  datetime.o(.text)
    datetime_wildcard_set                    0x0802a137   Thumb Code    24  datetime.o(.text)
    bacapp_encode_datetime                   0x0802a14f   Thumb Code    38  datetime.o(.text)
    bacapp_encode_context_datetime           0x0802a175   Thumb Code    54  datetime.o(.text)
    bacapp_decode_datetime                   0x0802a1ab   Thumb Code    50  datetime.o(.text)
    bacapp_decode_context_datetime           0x0802a1dd   Thumb Code    64  datetime.o(.text)
    dcc_enable_status                        0x0802a21d   Thumb Code     6  dcc.o(.text)
    dcc_communication_enabled                0x0802a223   Thumb Code    16  dcc.o(.text)
    dcc_communication_disabled               0x0802a233   Thumb Code    12  dcc.o(.text)
    dcc_communication_initiation_disabled    0x0802a23f   Thumb Code    16  dcc.o(.text)
    dcc_duration_seconds                     0x0802a24f   Thumb Code     6  dcc.o(.text)
    dcc_timer_seconds                        0x0802a255   Thumb Code    32  dcc.o(.text)
    dcc_set_status_duration                  0x0802a275   Thumb Code    32  dcc.o(.text)
    dcc_encode_apdu                          0x0802a295   Thumb Code    94  dcc.o(.text)
    dcc_decode_service_request               0x0802a2f3   Thumb Code   206  dcc.o(.text)
    handler_i_am_add                         0x0802a3c5   Thumb Code    48  h_iam.o(.text)
    handler_i_am_bind                        0x0802a3f5   Thumb Code    46  h_iam.o(.text)
    Encode_Property_APDU                     0x0802a425   Thumb Code   224  h_rp.o(.text)
    handler_read_property                    0x0802a505   Thumb Code   236  h_rp.o(.text)
    iam_encode_apdu                          0x0802a5f9   Thumb Code    74  iam.o(.text)
    iam_decode_service_request               0x0802a643   Thumb Code   252  iam.o(.text)
    handler_unrecognized_service             0x0802a741   Thumb Code    80  noserv.o(.text)
    whois_encode_apdu                        0x0802a795   Thumb Code    62  whois.o(.text)
    whois_decode_service_request             0x0802a7d3   Thumb Code   128  whois.o(.text)
    wp_encode_apdu                           0x0802a853   Thumb Code   150  wp.o(.text)
    wp_decode_service_request                0x0802a8e9   Thumb Code   306  wp.o(.text)
    reject_convert_error_code                0x0802aa1b   Thumb Code    64  reject.o(.text)
    reject_encode_apdu                       0x0802aa5b   Thumb Code    20  reject.o(.text)
    reject_decode_service_request            0x0802aa6f   Thumb Code    24  reject.o(.text)
    rp_encode_apdu                           0x0802aa87   Thumb Code    92  rp.o(.text)
    rp_decode_service_request                0x0802aae3   Thumb Code   224  rp.o(.text)
    rp_ack_encode_apdu_init                  0x0802abc3   Thumb Code    78  rp.o(.text)
    rp_ack_encode_apdu_object_property_end   0x0802ac11   Thumb Code    18  rp.o(.text)
    rp_ack_encode_apdu                       0x0802ac23   Thumb Code    58  rp.o(.text)
    rp_ack_decode_service_request            0x0802ac5d   Thumb Code   174  rp.o(.text)
    rand                                     0x0802ad0d   Thumb Code    20  rand.o(.text)
    srand                                    0x0802ad21   Thumb Code     6  rand.o(.text)
    __aeabi_memcpy                           0x0802ad31   Thumb Code    36  memcpya.o(.text)
    __aeabi_memcpy4                          0x0802ad31   Thumb Code     0  memcpya.o(.text)
    __aeabi_memcpy8                          0x0802ad31   Thumb Code     0  memcpya.o(.text)
    __aeabi_memset                           0x0802ad55   Thumb Code    14  memseta.o(.text)
    __aeabi_memset4                          0x0802ad55   Thumb Code     0  memseta.o(.text)
    __aeabi_memset8                          0x0802ad55   Thumb Code     0  memseta.o(.text)
    __aeabi_memclr                           0x0802ad63   Thumb Code     4  memseta.o(.text)
    __aeabi_memclr4                          0x0802ad63   Thumb Code     0  memseta.o(.text)
    __aeabi_memclr8                          0x0802ad63   Thumb Code     0  memseta.o(.text)
    _memset$wrapper                          0x0802ad67   Thumb Code    18  memseta.o(.text)
    strcat                                   0x0802ad79   Thumb Code    24  strcat.o(.text)
    strncpy                                  0x0802ad91   Thumb Code    24  strncpy.o(.text)
    strlen                                   0x0802ada9   Thumb Code    14  strlen.o(.text)
    strcmp                                   0x0802adb7   Thumb Code    28  strcmp.o(.text)
    memcmp                                   0x0802add3   Thumb Code    26  memcmp.o(.text)
    strncat                                  0x0802aded   Thumb Code    40  strncat.o(.text)
    strcpy                                   0x0802ae15   Thumb Code    18  strcpy.o(.text)
    __0sscanf                                0x0802ae29   Thumb Code    48  __0sscanf.o(.text)
    _scanf_int                               0x0802ae61   Thumb Code   332  _scanf_int.o(.text)
    strtol                                   0x0802afad   Thumb Code   112  strtol.o(.text)
    strtoul                                  0x0802b01d   Thumb Code   114  strtoul.o(.text)
    __aeabi_fadd                             0x0802b08f   Thumb Code   164  fadd.o(.text)
    __aeabi_fsub                             0x0802b133   Thumb Code     6  fadd.o(.text)
    __aeabi_frsub                            0x0802b139   Thumb Code     6  fadd.o(.text)
    __aeabi_fmul                             0x0802b13f   Thumb Code   100  fmul.o(.text)
    __aeabi_fdiv                             0x0802b1a3   Thumb Code   124  fdiv.o(.text)
    __aeabi_dadd                             0x0802b21f   Thumb Code   322  dadd.o(.text)
    __aeabi_dsub                             0x0802b361   Thumb Code     6  dadd.o(.text)
    __aeabi_drsub                            0x0802b367   Thumb Code     6  dadd.o(.text)
    __aeabi_dmul                             0x0802b36d   Thumb Code   228  dmul.o(.text)
    __aeabi_ddiv                             0x0802b451   Thumb Code   222  ddiv.o(.text)
    __aeabi_i2f                              0x0802b52f   Thumb Code    18  fflti.o(.text)
    __aeabi_ui2f                             0x0802b541   Thumb Code    10  ffltui.o(.text)
    __aeabi_i2d                              0x0802b54b   Thumb Code    34  dflti.o(.text)
    __aeabi_f2iz                             0x0802b56d   Thumb Code    50  ffixi.o(.text)
    __aeabi_f2uiz                            0x0802b59f   Thumb Code    40  ffixui.o(.text)
    __aeabi_f2d                              0x0802b5c7   Thumb Code    38  f2d.o(.text)
    __aeabi_d2f                              0x0802b5ed   Thumb Code    56  d2f.o(.text)
    __aeabi_uldivmod                         0x0802b625   Thumb Code    98  uldiv.o(.text)
    __aeabi_llsl                             0x0802b687   Thumb Code    30  llshl.o(.text)
    _ll_shift_l                              0x0802b687   Thumb Code     0  llshl.o(.text)
    __aeabi_lasr                             0x0802b6a5   Thumb Code    36  llsshr.o(.text)
    _ll_sshift_r                             0x0802b6a5   Thumb Code     0  llsshr.o(.text)
    __rt_ctype_table                         0x0802b6c9   Thumb Code     4  ctype_o.o(.text)
    isspace                                  0x0802b6d1   Thumb Code    18  isspace_o.o(.text)
    _chval                                   0x0802b6e3   Thumb Code    28  _chval.o(.text)
    __vfscanf_char                           0x0802b70d   Thumb Code    20  scanf_char.o(.text)
    _sgetc                                   0x0802b729   Thumb Code    30  _sgetc.o(.text)
    _sbackspace                              0x0802b747   Thumb Code    34  _sgetc.o(.text)
    _strtoul                                 0x0802b769   Thumb Code   158  _strtoul.o(.text)
    __strtod_int                             0x0802b83f   Thumb Code    88  strtod.o(.text)
    _float_round                             0x0802b8a5   Thumb Code    18  fepilogue.o(.text)
    _float_epilogue                          0x0802b8b7   Thumb Code    92  fepilogue.o(.text)
    _double_round                            0x0802b913   Thumb Code    30  depilogue.o(.text)
    _double_epilogue                         0x0802b931   Thumb Code   156  depilogue.o(.text)
    __ARM_scalbn                             0x0802b9cd   Thumb Code    46  dscalb.o(.text)
    scalbn                                   0x0802b9cd   Thumb Code     0  dscalb.o(.text)
    __aeabi_cdcmpeq                          0x0802b9fd   Thumb Code     0  cdcmple.o(.text)
    __aeabi_cdcmple                          0x0802b9fd   Thumb Code    48  cdcmple.o(.text)
    __aeabi_cdrcmple                         0x0802ba2d   Thumb Code    48  cdrcmple.o(.text)
    __scatterload                            0x0802ba5d   Thumb Code    28  init.o(.text)
    __scatterload_rt2                        0x0802ba5d   Thumb Code     0  init.o(.text)
    __aeabi_llsr                             0x0802ba81   Thumb Code    32  llushr.o(.text)
    _ll_ushift_r                             0x0802ba81   Thumb Code     0  llushr.o(.text)
    __vfscanf                                0x0802baa1   Thumb Code   808  _scanf.o(.text)
    _scanf_real                              0x0802becd   Thumb Code     0  scanf_fp.o(.text)
    _scanf_really_real                       0x0802becd   Thumb Code   556  scanf_fp.o(.text)
    _dsqrt                                   0x0802c105   Thumb Code   162  dsqrt.o(.text)
    __aeabi_ul2d                             0x0802c1a7   Thumb Code    24  dfltul.o(.text)
    __decompress                             0x0802c1bf   Thumb Code     0  __dczerorl2.o(.text)
    __decompress1                            0x0802c1bf   Thumb Code    86  __dczerorl2.o(.text)
    __0printf$8                              0x0802c215   Thumb Code    22  printf8.o(i.__0printf$8)
    __1printf$8                              0x0802c215   Thumb Code     0  printf8.o(i.__0printf$8)
    __2printf                                0x0802c215   Thumb Code     0  printf8.o(i.__0printf$8)
    __0sprintf$8                             0x0802c235   Thumb Code    34  printf8.o(i.__0sprintf$8)
    __1sprintf$8                             0x0802c235   Thumb Code     0  printf8.o(i.__0sprintf$8)
    __2sprintf                               0x0802c235   Thumb Code     0  printf8.o(i.__0sprintf$8)
    __ARM_fpclassify                         0x0802c25d   Thumb Code    40  fpclassify.o(i.__ARM_fpclassify)
    __aeabi_errno_addr                       0x0802c285   Thumb Code     4  errno.o(i.__aeabi_errno_addr)
    __rt_errno_addr                          0x0802c285   Thumb Code     0  errno.o(i.__aeabi_errno_addr)
    __kernel_poly                            0x0802c28d   Thumb Code   170  poly.o(i.__kernel_poly)
    __mathlib_dbl_divzero                    0x0802c339   Thumb Code    12  dunder.o(i.__mathlib_dbl_divzero)
    __mathlib_dbl_infnan                     0x0802c349   Thumb Code     6  dunder.o(i.__mathlib_dbl_infnan)
    __mathlib_dbl_invalid                    0x0802c34f   Thumb Code    12  dunder.o(i.__mathlib_dbl_invalid)
    __mathlib_dbl_overflow                   0x0802c35b   Thumb Code    14  dunder.o(i.__mathlib_dbl_overflow)
    __mathlib_dbl_underflow                  0x0802c369   Thumb Code    10  dunder.o(i.__mathlib_dbl_underflow)
    __scatterload_copy                       0x0802c379   Thumb Code    14  handlers.o(i.__scatterload_copy)
    __scatterload_null                       0x0802c387   Thumb Code     2  handlers.o(i.__scatterload_null)
    __scatterload_zeroinit                   0x0802c389   Thumb Code    14  handlers.o(i.__scatterload_zeroinit)
    __set_errno                              0x0802c399   Thumb Code     6  errno.o(i.__set_errno)
    _is_digit                                0x0802c3a5   Thumb Code    14  scanf_fp.o(i._is_digit)
    fputc                                    0x0802c821   Thumb Code    18  fputc.o(i.fputc)
    log                                      0x0802c835   Thumb Code   808  log.o(i.log)
    pow                                      0x0802cb91   Thumb Code  2478  pow.o(i.pow)
    sqrt                                     0x0802d549   Thumb Code    76  sqrt.o(i.sqrt)
    strtod                                   0x0802d595   Thumb Code    28  strtod.o(i.strtod)
    Dot6_16                                  0x0802d5b0   Data        1152  lcd.o(.constdata)
    Dot8_16                                  0x0802da30   Data        1520  lcd.o(.constdata)
    network_status_text                      0x0802e020   Data          11  lcd.o(.constdata)
    main_net_status_text                     0x0802e02b   Data          11  lcd.o(.constdata)
    sub_net_status_text                      0x0802e036   Data           9  lcd.o(.constdata)
    net_status_ok_text                       0x0802e03f   Data           3  lcd.o(.constdata)
    net_status_dead_text                     0x0802e042   Data           5  lcd.o(.constdata)
    net_offline_text                         0x0802e047   Data           8  lcd.o(.constdata)
    alarm_text                               0x0802e04f   Data           9  lcd.o(.constdata)
    alarm_status_text                        0x0802e058   Data          36  lcd.o(.constdata)
    table_week                               0x0802e07c   Data          12  rtc.o(.constdata)
    mon_table                                0x0802e088   Data          12  rtc.o(.constdata)
    Character                                0x0802e094   Data        1716  spec_font.o(.constdata)
    signal_symbol                            0x0802e748   Data          48  spec_font.o(.constdata)
    high_alarm_symbol                        0x0802e778   Data          48  spec_font.o(.constdata)
    middle_alarm_symbol                      0x0802e7a8   Data          48  spec_font.o(.constdata)
    low_alarm_symbol                         0x0802e7d8   Data          48  spec_font.o(.constdata)
    Dot14_48                                 0x0802e808   Data        1764  spec_font.o(.constdata)
    auchCRCHi                                0x0802ef06   Data         256  crc.o(.constdata)
    auchCRCLo                                0x0802f006   Data         256  crc.o(.constdata)
    tab_int                                  0x0802f108   Data          40  inputs.o(.constdata)
    limit                                    0x0802f130   Data          80  inputs.o(.constdata)
    def_tab                                  0x0802f180   Data         170  inputs.o(.constdata)
    Var_label                                0x0802f22a   Data         504  store.o(.constdata)
    Var_Description                          0x0802f422   Data        1176  store.o(.constdata)
    Outputs_label                            0x0802f8ba   Data           9  store.o(.constdata)
    Outputs_Description                      0x0802f8c3   Data          21  store.o(.constdata)
    def_tab_pic                              0x0802f8d8   Data          66  temperature.o(.constdata)
    internal_text                            0x0802f91a   Data           7  menu.o(.constdata)
    external_text                            0x0802f921   Data           5  menu.o(.constdata)
    ppm_text                                 0x0802f926   Data           4  menu.o(.constdata)
    int_space                                0x0802f92a   Data           6  menu.o(.constdata)
    warming_text                             0x0802f930   Data          11  menu.o(.constdata)
    online_text                              0x0802f93b   Data           8  menuco2_conf.o(.constdata)
    offline_text                             0x0802f943   Data           9  menuco2_conf.o(.constdata)
    default_value                            0x0802fbe2   Data          36  pid.o(.constdata)
    __mathlib_zero                           0x0802fe70   Data           8  qnan.o(.constdata)
    __ctype_table                            0x0802fe78   Data         129  ctype_o.o(.constdata)
    Region$$Table$$Base                      0x0802ff00   Number         0  anon$$obj.o(Region$$Table)
    Region$$Table$$Limit                     0x0802ff20   Number         0  anon$$obj.o(Region$$Table)
    update                                   0x20000000   Data           1  main.o(.data)
    read_cal                                 0x20000001   Data           1  main.o(.data)
    Instance                                 0x20000004   Data           4  main.o(.data)
    SystemCoreClock                          0x2000001c   Data           4  system_stm32f10x.o(.data)
    AHBPrescTable                            0x20000020   Data          16  system_stm32f10x.o(.data)
    led_bank1                                0x20000044   Data           2  led.o(.data)
    led_bank2                                0x20000046   Data           2  led.o(.data)
    heart_beat_led                           0x20000048   Data           1  led.o(.data)
    tx_count                                 0x20000049   Data           1  led.o(.data)
    rx_count                                 0x2000004a   Data           1  led.o(.data)
    net_rx_count                             0x2000004b   Data           1  led.o(.data)
    net_tx_count                             0x2000004c   Data           1  led.o(.data)
    jump2app                                 0x20000050   Data           4  stmflash.o(.data)
    uip_timer                                0x20000054   Data           4  timerx.o(.data)
    main_net_status_ctr                      0x20000064   Data           1  lcd.o(.data)
    cursor                                   0x20000065   Data           5  lcd.o(.data)
    bl_timer_start                           0x2000006c   Data           4  lcd.o(.data)
    bl_timer_end                             0x20000070   Data           4  lcd.o(.data)
    time                                     0x20000074   Data          17  lcd.o(.data)
    scrolling_flag                           0x20000086   Data           1  lcd.o(.data)
    bl_timer                                 0x20000087   Data           1  lcd.o(.data)
    calendar                                 0x2000008c   Data           8  rtc.o(.data)
    calendar_ghost_enable                    0x20000094   Data           1  rtc.o(.data)
    Rtc_Sec_It                               0x20000095   Data           1  rtc.o(.data)
    qKey                                     0x20000098   Data           4  key.o(.data)
    global_key                               0x2000009c   Data           1  key.o(.data)
    serial_int_flag                          0x200000a2   Data           1  humidity.o(.data)
    humidity_version                         0x200000a3   Data           1  humidity.o(.data)
    hum_heat_status                          0x200000a4   Data           1  humidity.o(.data)
    external_operation_value                 0x200000a6   Data           2  humidity.o(.data)
    external_operation_flag                  0x200000a8   Data           1  humidity.o(.data)
    pxCurrentTCB                             0x200000ac   Data           4  tasks.o(.data)
    uip_hostaddr                             0x20000108   Data           4  uip.o(.data)
    uip_draddr                               0x2000010c   Data           4  uip.o(.data)
    uip_netmask                              0x20000110   Data           4  uip.o(.data)
    uip_hostaddr_submask                     0x20000114   Data           4  uip.o(.data)
    uip_ethaddr                              0x20000118   Data           6  uip.o(.data)
    uip_appdata                              0x20000120   Data           4  uip.o(.data)
    uip_sappdata                             0x20000124   Data           4  uip.o(.data)
    uip_len                                  0x20000128   Data           2  uip.o(.data)
    uip_slen                                 0x2000012a   Data           2  uip.o(.data)
    uip_flags                                0x2000012c   Data           1  uip.o(.data)
    uip_conn                                 0x20000130   Data           4  uip.o(.data)
    uip_udp_conn                             0x20000134   Data           4  uip.o(.data)
    uip_acc32                                0x20000140   Data           4  uip.o(.data)
    tcp_server_sta                           0x20000168   Data           1  tcp_modbus.o(.data)
    tcp_server_sendlen                       0x2000016a   Data           2  tcp_modbus.o(.data)
    state                                    0x2000016c   Data           1  udp_scan.o(.data)
    scanstart                                0x2000016d   Data           1  udp_scan.o(.data)
    IP_Change                                0x2000016e   Data           1  udp_scan.o(.data)
    transmit_finished                        0x20000171   Data           1  modbus.o(.data)
    revce_count                              0x20000172   Data           1  modbus.o(.data)
    rece_size                                0x20000173   Data           1  modbus.o(.data)
    serial_receive_timeout_count             0x20000174   Data           1  modbus.o(.data)
    SERIAL_RECEIVE_TIMEOUT                   0x20000175   Data           1  modbus.o(.data)
    dealwithTag                              0x20000176   Data           1  modbus.o(.data)
    DealwithTag                              0x20000177   Data           1  modbus.o(.data)
    sendbyte_num                             0x20000178   Data           2  modbus.o(.data)
    uart_num                                 0x2000017a   Data           2  modbus.o(.data)
    Station_NUM                              0x2000017c   Data           1  modbus.o(.data)
    dis_hum_info                             0x2000017d   Data           1  modbus.o(.data)
    reply_delay_time                         0x2000017e   Data           1  modbus.o(.data)
    receive_delay_time                       0x2000017f   Data           1  modbus.o(.data)
    reply_done                               0x20000180   Data           1  modbus.o(.data)
    uart1_parity                             0x20000181   Data           1  modbus.o(.data)
    CRClo                                    0x20000185   Data           1  crc.o(.data)
    CRChi                                    0x20000186   Data           1  crc.o(.data)
    panelname                                0x20000188   Data          21  bacnet_function.o(.data)
    send_count                               0x2000019e   Data           2  bacnet_function.o(.data)
    bip_Data                                 0x200001b0   Data           4  bip.o(.data)
    bip_len                                  0x200001b4   Data           2  bip.o(.data)
    input_type                               0x200001be   Data           1  inputs.o(.data)
    write_page_en                            0x200001bf   Data           3  store.o(.data)
    co2_int                                  0x200001c2   Data           2  co2.o(.data)
    internal_co2_exist                       0x200001c4   Data           1  co2.o(.data)
    alarm_state                              0x200001c5   Data           1  co2.o(.data)
    alarm_status                             0x200001c6   Data           1  co2.o(.data)
    pre_alarm_on_time                        0x200001c7   Data           1  co2.o(.data)
    pre_alarm_off_time                       0x200001c8   Data           1  co2.o(.data)
    pre_alarm_level                          0x200001c9   Data           1  co2.o(.data)
    alarm_delay_time                         0x200001ca   Data           1  co2.o(.data)
    alarm_delay_time_ctr                     0x200001cb   Data           1  co2.o(.data)
    slope_check_times                        0x200001cc   Data           1  co2.o(.data)
    first_into_steady                        0x200001cd   Data           1  co2.o(.data)
    co2_slope_detect_value                   0x200001ce   Data           2  co2.o(.data)
    int_co2_filter                           0x200001d0   Data           1  co2.o(.data)
    co2_refresh_flag                         0x200001d1   Data           1  co2.o(.data)
    slave_id                                 0x200001d2   Data           1  co2.o(.data)
    poll_index                               0x200001d3   Data           1  co2.o(.data)
    internal_co2_module_type                 0x200001d4   Data           1  co2.o(.data)
    internal_co2_bad_comms                   0x200001d5   Data           1  co2.o(.data)
    co2_data_temp                            0x200001d6   Data           2  co2.o(.data)
    read_co2_ctr                             0x200001d8   Data           1  co2.o(.data)
    Handle_Scan                              0x200001dc   Data           4  scan.o(.data)
    Handle_ParameterOperation                0x200001e0   Data           4  scan.o(.data)
    current_db                               0x200001e4   Data           5  scan.o(.data)
    db_ctr                                   0x200001e9   Data           1  scan.o(.data)
    reset_scan_db_flag                       0x200001ea   Data           1  scan.o(.data)
    current_online_ctr                       0x200001eb   Data           1  scan.o(.data)
    external_nodes_plug_and_play             0x200001f3   Data           1  scan.o(.data)
    scan_idle_id                             0x200001f4   Data           1  scan.o(.data)
    subnet_rec_package_size                  0x200001f8   Data           1  sub_net.o(.data)
    qSubSerial                               0x20000204   Data           4  sub_net.o(.data)
    uart3_rece_count                         0x20000208   Data           1  subnet_scan.o(.data)
    uart3_dealwithTag                        0x20000209   Data           1  subnet_scan.o(.data)
    serial3_receive_timeout_count            0x2000020a   Data           1  subnet_scan.o(.data)
    Uart3_Sendbyte_Num                       0x2000020b   Data           1  subnet_scan.o(.data)
    uart3_rec_package_size                   0x2000020c   Data           1  subnet_scan.o(.data)
    qSubSerial3                              0x20000210   Data           4  subnet_scan.o(.data)
    uart3_idle                               0x20000214   Data           1  subnet_scan.o(.data)
    Handle_Output                            0x20000218   Data           4  analog_output.o(.data)
    internal_temperature_ad_value            0x2000021c   Data           2  analog_output.o(.data)
    output_mode                              0x2000021e   Data           1  analog_output.o(.data)
    theory_ad                                0x20000220   Data           2  analog_output.o(.data)
    th_offset                                0x20000222   Data           1  analog_output.o(.data)
    output_auto_manual                       0x20000223   Data           1  analog_output.o(.data)
    output_manual_value_co2                  0x20000224   Data           2  analog_output.o(.data)
    output_manual_value_temp                 0x20000226   Data           2  analog_output.o(.data)
    output_manual_value_humidity             0x20000228   Data           2  analog_output.o(.data)
    analog_output                            0x2000022a   Data           6  analog_output.o(.data)
    analog_input                             0x20000230   Data           6  analog_output.o(.data)
    pwm_th_settings                          0x20000236   Data           6  analog_output.o(.data)
    output_range_table                       0x2000023c   Data          12  analog_output.o(.data)
    internal_temp_ad                         0x20000248   Data           2  temperature.o(.data)
    hum_exists                               0x2000024a   Data           1  temperature.o(.data)
    table_sel_enable                         0x2000024b   Data           1  temperature.o(.data)
    display_state                            0x2000024c   Data           1  temperature.o(.data)
    table_sel                                0x2000024d   Data           1  temperature.o(.data)
    hum_size_copy                            0x2000024e   Data           1  temperature.o(.data)
    humidity_back                            0x20000250   Data           2  temperature.o(.data)
    k_line                                   0x20000254   Data           4  temperature.o(.data)
    b_line                                   0x20000258   Data           4  temperature.o(.data)
    Run_Timer                                0x2000025c   Data           1  temperature.o(.data)
    temperature_sensor_select                0x2000025d   Data           1  temperature.o(.data)
    temperature                              0x2000025e   Data           2  temperature.o(.data)
    Temperature_Filter                       0x20000260   Data           1  temperature.o(.data)
    internal_temperature_c                   0x20000262   Data           2  temperature.o(.data)
    internal_temperature_f                   0x20000264   Data           2  temperature.o(.data)
    internal_temperature_offset              0x20000266   Data           2  temperature.o(.data)
    deg_c_or_f                               0x20000268   Data           1  temperature.o(.data)
    pre_deg_c_or_f                           0x20000269   Data           1  temperature.o(.data)
    previous_temperature                     0x2000026a   Data           2  temperature.o(.data)
    analog_output_sel                        0x2000026c   Data           1  temperature.o(.data)
    Ref_T                                    0x2000026e   Data          10  temperature.o(.data)
    Error_H                                  0x20000278   Data          50  temperature.o(.data)
    Handle_Menu                              0x200002b4   Data           4  menu.o(.data)
    Handle_Scrolling                         0x200002b8   Data           4  menu.o(.data)
    Handle_Cursor                            0x200002bc   Data           4  menu.o(.data)
    menu_system_start                        0x200002c0   Data           1  menu.o(.data)
    in_sub_menu                              0x200002c1   Data           1  menu.o(.data)
    value_change                             0x200002c2   Data           1  menu.o(.data)
    previous_internal_co2_exist              0x200002c3   Data           1  menu.o(.data)
    pre_db_ctr                               0x200002c4   Data           1  menu.o(.data)
    menu_password                            0x200002c5   Data           1  menu.o(.data)
    use_password                             0x200002c6   Data           1  menu.o(.data)
    password_buffer                          0x200002c7   Data           4  menu.o(.data)
    user_password                            0x200002cb   Data           4  menu.o(.data)
    password_index                           0x200002cf   Data           1  menu.o(.data)
    menu_block_timer_start                   0x200002d0   Data           4  menu.o(.data)
    menu_block_timer_end                     0x200002d4   Data           4  menu.o(.data)
    menu_block_seconds                       0x200002d8   Data           1  menu.o(.data)
    backlight_keep_seconds                   0x200002d9   Data           1  menu.o(.data)
    xMutex                                   0x200002dc   Data           4  menu.o(.data)
    IicMutex                                 0x200002e0   Data           4  menu.o(.data)
    StateArray                               0x200002e4   Data         160  menu.o(.data)
    current_co2_sensor                       0x20000385   Data           1  menuco2_conf.o(.data)
    ipconfig_in_menu                         0x2000039b   Data           1  menumisc.o(.data)
    ip_changed_in_menu                       0x2000039c   Data           1  menumisc.o(.data)
    subnet_changed_in_menu                   0x2000039d   Data           1  menumisc.o(.data)
    gateway_changed_in_menu                  0x2000039e   Data           1  menumisc.o(.data)
    port_changed_in_menu                     0x2000039f   Data           1  menumisc.o(.data)
    mode_select                              0x200003a4   Data           1  pid.o(.data)
    AIS                                      0x200003b0   Data           1  ai.o(.data)
    AOS                                      0x200003b1   Data           1  ao.o(.data)
    AVS                                      0x200003b2   Data           1  av.o(.data)
    BOS                                      0x200003b3   Data           1  bo.o(.data)
    BVLC_Result_Code                         0x200003b4   Data           1  bvlc.o(.data)
    BVLC_Function_Code                       0x200003b5   Data           1  bvlc.o(.data)
    This_Station                             0x200003ca   Data           1  dlmstp.o(.data)
    TransmitPacket_panel                     0x200003ce   Data           1  dlmstp.o(.data)
    DataLength                               0x200003d4   Data           2  dlmstp.o(.data)
    MSTP_Flag                                0x200003e4   Data           4  dlmstp.o(.data)
    modbus_frame                             0x200003ec   Data           8  dlmstp.o(.data)
    SilenceTime                              0x200003f4   Data           2  rs485.o(.data)
    BIS                                      0x20000432   Data           1  bi.o(.data)
    BI_Present_Value                         0x20000433   Data           5  bi.o(.data)
    Send_I_Am_Flag                           0x20000454   Data           1  h_whois.o(.data)
    Send_Whois_Flag                          0x20000455   Data           1  h_whois.o(.data)
    __stdout                                 0x20000464   Data           4  stdout.o(.data)
    PDUBuffer                                0x2000046c   Data         600  main.o(.bss)
    message                                  0x200006c4   Data         200  lcd.o(.bss)
    HumSensor                                0x2000078c   Data          48  humidity.o(.bss)
    DMA_Buffer                               0x200007bc   Data         160  analog_inputs.o(.bss)
    uip_buf                                  0x20005960   Data        2050  uip.o(.bss)
    uip_conns                                0x20006164   Data         800  uip.o(.bss)
    uip_listenports                          0x20006484   Data          40  uip.o(.bss)
    uip_udp_conns                            0x200064ac   Data         640  uip.o(.bss)
    uip_stat                                 0x2000672c   Data          52  uip.o(.bss)
    tcp_server_databuf                       0x2000689c   Data         300  tcp_modbus.o(.bss)
    tcp_server_sendbuf                       0x200069c8   Data         300  tcp_modbus.o(.bss)
    InformationStr                           0x20006af4   Data          60  udp_scan.o(.bss)
    USART_RX_BUF                             0x20006c5c   Data         200  modbus.o(.bss)
    uart_send                                0x20006d24   Data         490  modbus.o(.bss)
    modbus                                   0x20006f10   Data          64  modbus.o(.bss)
    Test                                     0x20006f50   Data         100  bip.o(.bss)
    PDUBuffer_BIP                            0x20006fb4   Data         600  bip.o(.bss)
    mtu                                      0x2000720c   Data         630  bip.o(.bss)
    outputs                                  0x20007482   Data          45  outputs.o(.bss)
    custom_tab                               0x200074b0   Data         700  inputs.o(.bss)
    inputs                                   0x2000776c   Data          46  inputs.o(.bss)
    var                                      0x2000779a   Data        2184  store.o(.bss)
    test                                     0x20008024   Data          40  co2.o(.bss)
    int_co2_str                              0x2000804c   Data          20  co2.o(.bss)
    ext_co2_str                              0x20008060   Data        5080  co2.o(.bss)
    scan_db                                  0x20009438   Data         100  scan.o(.bss)
    db_online                                0x2000949c   Data          32  scan.o(.bss)
    db_occupy                                0x200094bc   Data          32  scan.o(.bss)
    current_online                           0x200094dc   Data          32  scan.o(.bss)
    get_para                                 0x200094fc   Data          32  scan.o(.bss)
    subnet_response_buf                      0x2000951c   Data          20  sub_net.o(.bss)
    Uart3_Send_Buf                           0x20009544   Data          20  subnet_scan.o(.bss)
    feedback                                 0x20009558   Data          12  analog_output.o(.bss)
    output_offset                            0x20009564   Data          12  analog_output.o(.bss)
    hum_table                                0x20009570   Data          40  temperature.o(.bss)
    text                                     0x20009598   Data          50  menu.o(.bss)
    int_text                                 0x200095ca   Data          21  menu.o(.bss)
    CurrentState                             0x200095e0   Data          20  menu.o(.bss)
    PID                                      0x200095f4   Data          18  pid.o(.bss)
    controllers                              0x20009606   Data          84  pid.o(.bss)
    con_aux                                  0x2000965a   Data          36  pid.o(.bss)
    AO_Present_Value                         0x20009680   Data        4096  ao.o(.bss)
    Address_Cache                            0x2000a680   Data        9180  address.o(.bss)
    BO_Present_Value                         0x2000ca5c   Data        1024  bo.o(.bss)
    Object_Name                              0x2000de6c   Data          20  device.o(.bss)
    TransmitPacket                           0x2000de80   Data         600  dlmstp.o(.bss)
    Receive_Buffer_Data0                     0x2000e0d8   Data         512  rs485.o(.bss)
    Receive_Buffer0                          0x2000e2d8   Data          16  rs485.o(.bss)
    wp_data                                  0x2000e47c   Data         624  h_wp.o(.bss)
    Handler_Transmit_Buffer                  0x2000e6ec   Data        1252  txbuf.o(.bss)
    __initial_sp                             0x2000fbd0   Data           0  startup_stm32f10x_hd.o(STACK)



==============================================================================

Memory Map of the image

  Image Entry point : 0x08008131

  Load Region LR_IROM1 (Base: 0x08008000, Size: 0x0002838c, Max: 0x00080000, ABSOLUTE, COMPRESSED[0x000280b0])

    Execution Region ER_IROM1 (Base: 0x08008000, Size: 0x00027f20, Max: 0x00080000, ABSOLUTE)

    Base Addr    Size         Type   Attr      Idx    E Section Name        Object

    0x08008000   0x00000130   Data   RO          854    RESET               startup_stm32f10x_hd.o
    0x08008130   0x00000000   Code   RO         3644  * .ARM.Collect$$$$00000000  mc_w.l(entry.o)
    0x08008130   0x00000004   Code   RO         3992    .ARM.Collect$$$$00000001  mc_w.l(entry2.o)
    0x08008134   0x00000004   Code   RO         3995    .ARM.Collect$$$$00000004  mc_w.l(entry5.o)
    0x08008138   0x00000000   Code   RO         3997    .ARM.Collect$$$$00000008  mc_w.l(entry7b.o)
    0x08008138   0x00000000   Code   RO         3999    .ARM.Collect$$$$0000000A  mc_w.l(entry8b.o)
    0x08008138   0x00000008   Code   RO         4000    .ARM.Collect$$$$0000000B  mc_w.l(entry9a.o)
    0x08008140   0x00000000   Code   RO         4002    .ARM.Collect$$$$0000000D  mc_w.l(entry10a.o)
    0x08008140   0x00000000   Code   RO         4004    .ARM.Collect$$$$0000000F  mc_w.l(entry11a.o)
    0x08008140   0x00000004   Code   RO         3993    .ARM.Collect$$$$00002712  mc_w.l(entry2.o)
    0x08008144   0x00000006   Code   RO          925    .emb_text           stmflash.o
    0x0800814a   0x00000002   PAD
    0x0800814c   0x0000008c   Code   RO         1392    .emb_text           port.o
    0x080081d8   0x00000024   Code   RO          855    .text               startup_stm32f10x_hd.o
    0x080081fc   0x00000000   Code   RO         4062    .text               mc_w.l(iusefp.o)
    0x080081fc   0x00000000   Code   RO         4077    .text               mc_w.l(semi.o)
    0x080081fc   0x00000000   Code   RO         4088    .text               mc_w.l(iusesemip.o)
    0x080081fc   0x00000004   Code   RO         3967    i.__mathlib_dbl_infnan2  m_ws.l(dunder.o)
    0x08008200   0x00000014   Data   RO         2089    .ARM.__AT_0x08008200  info.o
    0x08008214   0x00000ff4   Code   RO            1    .text               main.o
    0x08009208   0x000000c0   Code   RO          496    .text               stm32f10x_it.o
    0x080092c8   0x000001e0   Code   RO          570    .text               system_stm32f10x.o
    0x080094a8   0x000000dc   Code   RO          588    .text               misc.o
    0x08009584   0x0000044e   Code   RO          620    .text               stm32f10x_adc.o
    0x080099d2   0x00000002   PAD
    0x080099d4   0x00000254   Code   RO          662    .text               stm32f10x_dma.o
    0x08009c28   0x0000035c   Code   RO          698    .text               stm32f10x_gpio.o
    0x08009f84   0x00000040   Code   RO          710    .text               stm32f10x_iwdg.o
    0x08009fc4   0x000003a4   Code   RO          722    .text               stm32f10x_rcc.o
    0x0800a368   0x00000148   Code   RO          736    .text               stm32f10x_rtc.o
    0x0800a4b0   0x0000030c   Code   RO          763    .text               stm32f10x_spi.o
    0x0800a7bc   0x00000e1a   Code   RO          775    .text               stm32f10x_tim.o
    0x0800b5d6   0x00000002   PAD
    0x0800b5d8   0x00000408   Code   RO          787    .text               stm32f10x_usart.o
    0x0800b9e0   0x000000c4   Code   RO          814    .text               stm32f10x_bkp.o
    0x0800baa4   0x000000cc   Code   RO          826    .text               stm32f10x_pwr.o
    0x0800bb70   0x00000220   Code   RO          882    .text               myiic.o
    0x0800bd90   0x00000224   Code   RO          894    .text               spi.o
    0x0800bfb4   0x0000021c   Code   RO          926    .text               stmflash.o
    0x0800c1d0   0x000001f8   Code   RO          959    .text               24cxx.o
    0x0800c3c8   0x0000021c   Code   RO         1030    .text               timerx.o
    0x0800c5e4   0x000004d8   Code   RO         1048    .text               enc28j60.o
    0x0800cabc   0x00000ca8   Code   RO         1062    .text               lcd.o
    0x0800d764   0x000004a0   Code   RO         1100    .text               rtc.o
    0x0800dc04   0x00000188   Code   RO         1267    .text               key.o
    0x0800dd8c   0x00000ee0   Code   RO         1285    .text               humidity.o
    0x0800ec6c   0x00000310   Code   RO         1304    .text               analog_inputs.o
    0x0800ef7c   0x00000694   Code   RO         1322    .text               spec_font.o
    0x0800f610   0x00000adc   Code   RO         1337    .text               tasks.o
    0x080100ec   0x00000094   Code   RO         1359    .text               list.o
    0x08010180   0x00000556   Code   RO         1377    .text               queue.o
    0x080106d6   0x00000002   PAD
    0x080106d8   0x000000d4   Code   RO         1393    .text               port.o
    0x080107ac   0x00000118   Code   RO         1416    .text               heap_2.o
    0x080108c4   0x00000280   Code   RO         1431    .text               usart.o
    0x08010b44   0x000000d8   Code   RO         1450    .text               delay.o
    0x08010c1c   0x00000040   Code   RO         1540    .text               timer.o
    0x08010c5c   0x000017ec   Code   RO         1552    .text               uip.o
    0x08012448   0x0000040c   Code   RO         1583    .text               uip_arp.o
    0x08012854   0x0000000c   Code   RO         1675    .text               clock-arch.o
    0x08012860   0x00000254   Code   RO         1688    .text               tapdev.o
    0x08012ab4   0x00000030   Code   RO         1714    .text               tcp_demo.o
    0x08012ae4   0x00000520   Code   RO         1740    .text               dhcpc.o
    0x08013004   0x00000430   Code   RO         1764    .text               resolv.o
    0x08013434   0x00000260   Code   RO         1782    .text               tcp_modbus.o
    0x08013694   0x0000057c   Code   RO         1816    .text               udp_scan.o
    0x08013c10   0x000042b4   Code   RO         1839    .text               modbus.o
    0x08017ec4   0x00000074   Code   RO         1864    .text               crc.o
    0x08017f38   0x00001bfc   Code   RO         1895    .text               bacnet_function.o
    0x08019b34   0x000003e4   Code   RO         1937    .text               bip.o
    0x08019f18   0x0000015c   Code   RO         2015    .text               io_control.o
    0x0801a074   0x00000440   Code   RO         2048    .text               inputs.o
    0x0801a4b4   0x000001a4   Code   RO         2069    .text               store.o
    0x0801a658   0x00000db8   Code   RO         2118    .text               scan.o
    0x0801b410   0x00000370   Code   RO         2137    .text               sub_net.o
    0x0801b780   0x00000538   Code   RO         2156    .text               subnet_scan.o
    0x0801bcb8   0x00000430   Code   RO         2175    .text               analog_output.o
    0x0801c0e8   0x00000f10   Code   RO         2195    .text               temperature.o
    0x0801cff8   0x00000284   Code   RO         2215    .text               hum_para.o
    0x0801d27c   0x00000420   Code   RO         2230    .text               menu.o
    0x0801d69c   0x00000006   Code   RO         2250    .text               menuabout.o
    0x0801d6a2   0x00000002   PAD
    0x0801d6a4   0x00000284   Code   RO         2265    .text               menuco2_conf.o
    0x0801d928   0x00000a18   Code   RO         2284    .text               menuco2_opt.o
    0x0801e340   0x000005a0   Code   RO         2299    .text               menuhum_conf.o
    0x0801e8e0   0x0000013c   Code   RO         2314    .text               menuidle.o
    0x0801ea1c   0x00000350   Code   RO         2328    .text               menumain.o
    0x0801ed6c   0x00003878   Code   RO         2343    .text               menumisc.o
    0x080225e4   0x00000e00   Code   RO         2359    .text               menutemp_conf.o
    0x080233e4   0x00000620   Code   RO         2386    .text               pid.o
    0x08023a04   0x000002a8   Code   RO         2407    .text               bacnet_ARM_with_bip_rev8.lib(ai.o)
    0x08023cac   0x000004a6   Code   RO         2587    .text               bacnet_ARM_with_bip_rev8.lib(ao.o)
    0x08024152   0x00000002   PAD
    0x08024154   0x000002a8   Code   RO         2650    .text               bacnet_ARM_with_bip_rev8.lib(av.o)
    0x080243fc   0x000005e0   Code   RO         2670    .text               bacnet_ARM_with_bip_rev8.lib(address.o)
    0x080249dc   0x000004fa   Code   RO         2738    .text               bacnet_ARM_with_bip_rev8.lib(bo.o)
    0x08024ed6   0x00000002   PAD
    0x08024ed8   0x00000154   Code   RO         2866    .text               bacnet_ARM_with_bip_rev8.lib(bacint.o)
    0x0802502c   0x0000095c   Code   RO         2878    .text               bacnet_ARM_with_bip_rev8.lib(bvlc.o)
    0x08025988   0x0000007c   Code   RO         2895    .text               bacnet_ARM_with_bip_rev8.lib(datalink.o)
    0x08025a04   0x00000570   Code   RO         2971    .text               bacnet_ARM_with_bip_rev8.lib(device.o)
    0x08025f74   0x00000c24   Code   RO         2994    .text               bacnet_ARM_with_bip_rev8.lib(dlmstp.o)
    0x08026b98   0x00000172   Code   RO         3040    .text               bacnet_ARM_with_bip_rev8.lib(fifo.o)
    0x08026d0a   0x0000005e   Code   RO         3055    .text               bacnet_ARM_with_bip_rev8.lib(h_npdu.o)
    0x08026d68   0x000000b8   Code   RO         3067    .text               bacnet_ARM_with_bip_rev8.lib(rs485.o)
    0x08026e20   0x00000354   Code   RO         3129    .text               bacnet_ARM_with_bip_rev8.lib(apdu.o)
    0x08027174   0x000003bc   Code   RO         3150    .text               bacnet_ARM_with_bip_rev8.lib(bi.o)
    0x08027530   0x000000b0   Code   RO         3170    .text               bacnet_ARM_with_bip_rev8.lib(bacaddr.o)
    0x080275e0   0x00000824   Code   RO         3182    .text               bacnet_ARM_with_bip_rev8.lib(bacapp.o)
    0x08027e04   0x00000d90   Code   RO         3208    .text               bacnet_ARM_with_bip_rev8.lib(bacdcode.o)
    0x08028b94   0x000005ac   Code   RO         3250    .text               bacnet_ARM_with_bip_rev8.lib(bacstr.o)
    0x08029140   0x0000004e   Code   RO         3264    .text               bacnet_ARM_with_bip_rev8.lib(crc.o)
    0x0802918e   0x00000002   PAD
    0x08029190   0x00000048   Code   RO         3276    .text               bacnet_ARM_with_bip_rev8.lib(h_whois.o)
    0x080291d8   0x000001d8   Code   RO         3301    .text               bacnet_ARM_with_bip_rev8.lib(h_wp.o)
    0x080293b0   0x000002b4   Code   RO         3319    .text               bacnet_ARM_with_bip_rev8.lib(npdu.o)
    0x08029664   0x000000ee   Code   RO         3361    .text               bacnet_ARM_with_bip_rev8.lib(s_iam.o)
    0x08029752   0x00000002   PAD
    0x08029754   0x00000118   Code   RO         3373    .text               bacnet_ARM_with_bip_rev8.lib(s_whois.o)
    0x0802986c   0x0000005e   Code   RO         3385    .text               bacnet_ARM_with_bip_rev8.lib(abort.o)
    0x080298ca   0x000000c2   Code   RO         3397    .text               bacnet_ARM_with_bip_rev8.lib(bacerror.o)
    0x0802998c   0x00000148   Code   RO         3436    .text               bacnet_ARM_with_bip_rev8.lib(bacreal.o)
    0x08029ad4   0x00000748   Code   RO         3448    .text               bacnet_ARM_with_bip_rev8.lib(datetime.o)
    0x0802a21c   0x000001a8   Code   RO         3494    .text               bacnet_ARM_with_bip_rev8.lib(dcc.o)
    0x0802a3c4   0x0000005e   Code   RO         3511    .text               bacnet_ARM_with_bip_rev8.lib(h_iam.o)
    0x0802a422   0x00000002   PAD
    0x0802a424   0x000001d4   Code   RO         3523    .text               bacnet_ARM_with_bip_rev8.lib(h_rp.o)
    0x0802a5f8   0x00000146   Code   RO         3535    .text               bacnet_ARM_with_bip_rev8.lib(iam.o)
    0x0802a73e   0x00000002   PAD
    0x0802a740   0x00000054   Code   RO         3548    .text               bacnet_ARM_with_bip_rev8.lib(noserv.o)
    0x0802a794   0x000000be   Code   RO         3572    .text               bacnet_ARM_with_bip_rev8.lib(whois.o)
    0x0802a852   0x000001c8   Code   RO         3584    .text               bacnet_ARM_with_bip_rev8.lib(wp.o)
    0x0802aa1a   0x0000006c   Code   RO         3596    .text               bacnet_ARM_with_bip_rev8.lib(reject.o)
    0x0802aa86   0x00000284   Code   RO         3608    .text               bacnet_ARM_with_bip_rev8.lib(rp.o)
    0x0802ad0a   0x00000002   PAD
    0x0802ad0c   0x00000024   Code   RO         3647    .text               mc_w.l(rand.o)
    0x0802ad30   0x00000024   Code   RO         3650    .text               mc_w.l(memcpya.o)
    0x0802ad54   0x00000024   Code   RO         3652    .text               mc_w.l(memseta.o)
    0x0802ad78   0x00000018   Code   RO         3654    .text               mc_w.l(strcat.o)
    0x0802ad90   0x00000018   Code   RO         3656    .text               mc_w.l(strncpy.o)
    0x0802ada8   0x0000000e   Code   RO         3658    .text               mc_w.l(strlen.o)
    0x0802adb6   0x0000001c   Code   RO         3660    .text               mc_w.l(strcmp.o)
    0x0802add2   0x0000001a   Code   RO         3662    .text               mc_w.l(memcmp.o)
    0x0802adec   0x00000028   Code   RO         3664    .text               mc_w.l(strncat.o)
    0x0802ae14   0x00000012   Code   RO         3666    .text               mc_w.l(strcpy.o)
    0x0802ae26   0x00000002   PAD
    0x0802ae28   0x00000038   Code   RO         3931    .text               mc_w.l(__0sscanf.o)
    0x0802ae60   0x0000014c   Code   RO         3933    .text               mc_w.l(_scanf_int.o)
    0x0802afac   0x00000070   Code   RO         3935    .text               mc_w.l(strtol.o)
    0x0802b01c   0x00000072   Code   RO         3937    .text               mc_w.l(strtoul.o)
    0x0802b08e   0x000000b0   Code   RO         3939    .text               mf_w.l(fadd.o)
    0x0802b13e   0x00000064   Code   RO         3941    .text               mf_w.l(fmul.o)
    0x0802b1a2   0x0000007c   Code   RO         3943    .text               mf_w.l(fdiv.o)
    0x0802b21e   0x0000014e   Code   RO         3945    .text               mf_w.l(dadd.o)
    0x0802b36c   0x000000e4   Code   RO         3947    .text               mf_w.l(dmul.o)
    0x0802b450   0x000000de   Code   RO         3949    .text               mf_w.l(ddiv.o)
    0x0802b52e   0x00000012   Code   RO         3951    .text               mf_w.l(fflti.o)
    0x0802b540   0x0000000a   Code   RO         3953    .text               mf_w.l(ffltui.o)
    0x0802b54a   0x00000022   Code   RO         3955    .text               mf_w.l(dflti.o)
    0x0802b56c   0x00000032   Code   RO         3957    .text               mf_w.l(ffixi.o)
    0x0802b59e   0x00000028   Code   RO         3959    .text               mf_w.l(ffixui.o)
    0x0802b5c6   0x00000026   Code   RO         3961    .text               mf_w.l(f2d.o)
    0x0802b5ec   0x00000038   Code   RO         3963    .text               mf_w.l(d2f.o)
    0x0802b624   0x00000062   Code   RO         4011    .text               mc_w.l(uldiv.o)
    0x0802b686   0x0000001e   Code   RO         4013    .text               mc_w.l(llshl.o)
    0x0802b6a4   0x00000024   Code   RO         4015    .text               mc_w.l(llsshr.o)
    0x0802b6c8   0x00000008   Code   RO         4017    .text               mc_w.l(ctype_o.o)
    0x0802b6d0   0x00000012   Code   RO         4039    .text               mc_w.l(isspace_o.o)
    0x0802b6e2   0x0000001c   Code   RO         4052    .text               mc_w.l(_chval.o)
    0x0802b6fe   0x00000002   PAD
    0x0802b700   0x00000028   Code   RO         4054    .text               mc_w.l(scanf_char.o)
    0x0802b728   0x00000040   Code   RO         4056    .text               mc_w.l(_sgetc.o)
    0x0802b768   0x0000009e   Code   RO         4058    .text               mc_w.l(_strtoul.o)
    0x0802b806   0x00000002   PAD
    0x0802b808   0x0000009c   Code   RO         4060    .text               mc_w.l(strtod.o)
    0x0802b8a4   0x0000006e   Code   RO         4063    .text               mf_w.l(fepilogue.o)
    0x0802b912   0x000000ba   Code   RO         4065    .text               mf_w.l(depilogue.o)
    0x0802b9cc   0x0000002e   Code   RO         4067    .text               mf_w.l(dscalb.o)
    0x0802b9fa   0x00000002   PAD
    0x0802b9fc   0x00000030   Code   RO         4071    .text               mf_w.l(cdcmple.o)
    0x0802ba2c   0x00000030   Code   RO         4073    .text               mf_w.l(cdrcmple.o)
    0x0802ba5c   0x00000024   Code   RO         4075    .text               mc_w.l(init.o)
    0x0802ba80   0x00000020   Code   RO         4078    .text               mc_w.l(llushr.o)
    0x0802baa0   0x0000032c   Code   RO         4082    .text               mc_w.l(_scanf.o)
    0x0802bdcc   0x00000338   Code   RO         4084    .text               mc_w.l(scanf_fp.o)
    0x0802c104   0x000000a2   Code   RO         4089    .text               mf_w.l(dsqrt.o)
    0x0802c1a6   0x00000018   Code   RO         4094    .text               mf_w.l(dfltul.o)
    0x0802c1be   0x00000056   Code   RO         4104    .text               mc_w.l(__dczerorl2.o)
    0x0802c214   0x00000020   Code   RO         3877    i.__0printf$8       mc_w.l(printf8.o)
    0x0802c234   0x00000028   Code   RO         3879    i.__0sprintf$8      mc_w.l(printf8.o)
    0x0802c25c   0x00000028   Code   RO         3979    i.__ARM_fpclassify  m_ws.l(fpclassify.o)
    0x0802c284   0x00000008   Code   RO         4045    i.__aeabi_errno_addr  mc_w.l(errno.o)
    0x0802c28c   0x000000aa   Code   RO         3981    i.__kernel_poly     m_ws.l(poly.o)
    0x0802c336   0x00000002   PAD
    0x0802c338   0x00000010   Code   RO         3965    i.__mathlib_dbl_divzero  m_ws.l(dunder.o)
    0x0802c348   0x00000006   Code   RO         3966    i.__mathlib_dbl_infnan  m_ws.l(dunder.o)
    0x0802c34e   0x0000000c   Code   RO         3968    i.__mathlib_dbl_invalid  m_ws.l(dunder.o)
    0x0802c35a   0x0000000e   Code   RO         3969    i.__mathlib_dbl_overflow  m_ws.l(dunder.o)
    0x0802c368   0x00000010   Code   RO         3971    i.__mathlib_dbl_underflow  m_ws.l(dunder.o)
    0x0802c378   0x0000000e   Code   RO         4098    i.__scatterload_copy  mc_w.l(handlers.o)
    0x0802c386   0x00000002   Code   RO         4099    i.__scatterload_null  mc_w.l(handlers.o)
    0x0802c388   0x0000000e   Code   RO         4100    i.__scatterload_zeroinit  mc_w.l(handlers.o)
    0x0802c396   0x00000002   PAD
    0x0802c398   0x0000000c   Code   RO         4047    i.__set_errno       mc_w.l(errno.o)
    0x0802c3a4   0x0000000e   Code   RO         4086    i._is_digit         mc_w.l(scanf_fp.o)
    0x0802c3b2   0x00000002   PAD
    0x0802c3b4   0x00000410   Code   RO         3884    i._printf_core      mc_w.l(printf8.o)
    0x0802c7c4   0x00000024   Code   RO         3885    i._printf_post_padding  mc_w.l(printf8.o)
    0x0802c7e8   0x0000002e   Code   RO         3886    i._printf_pre_padding  mc_w.l(printf8.o)
    0x0802c816   0x0000000a   Code   RO         3888    i._sputc            mc_w.l(printf8.o)
    0x0802c820   0x00000012   Code   RO         4006    i.fputc             mc_w.l(fputc.o)
    0x0802c832   0x00000002   PAD
    0x0802c834   0x0000035c   Code   RO         3621    i.log               m_ws.l(log.o)
    0x0802cb90   0x000009b8   Code   RO         3631    i.pow               m_ws.l(pow.o)
    0x0802d548   0x0000004c   Code   RO         3985    i.sqrt              m_ws.l(sqrt.o)
    0x0802d594   0x0000001c   Code   RO         3641    i.strtod            m_ws.l(strtod.o)
    0x0802d5b0   0x00000acc   Data   RO         1064    .constdata          lcd.o
    0x0802e07c   0x00000018   Data   RO         1101    .constdata          rtc.o
    0x0802e094   0x00000e58   Data   RO         1323    .constdata          spec_font.o
    0x0802eeec   0x00000008   Data   RO         1554    .constdata          uip.o
    0x0802eef4   0x0000000a   Data   RO         1585    .constdata          uip_arp.o
    0x0802eefe   0x00000008   Data   RO         1742    .constdata          dhcpc.o
    0x0802ef06   0x00000200   Data   RO         1865    .constdata          crc.o
    0x0802f106   0x00000002   PAD
    0x0802f108   0x00000122   Data   RO         2050    .constdata          inputs.o
    0x0802f22a   0x000006ae   Data   RO         2071    .constdata          store.o
    0x0802f8d8   0x00000042   Data   RO         2197    .constdata          temperature.o
    0x0802f91a   0x00000021   Data   RO         2232    .constdata          menu.o
    0x0802f93b   0x00000011   Data   RO         2266    .constdata          menuco2_conf.o
    0x0802f94c   0x00000040   Data   RO         2285    .constdata          menuco2_opt.o
    0x0802f98c   0x00000028   Data   RO         2300    .constdata          menuhum_conf.o
    0x0802f9b4   0x00000055   Data   RO         2329    .constdata          menumain.o
    0x0802fa09   0x00000195   Data   RO         2344    .constdata          menumisc.o
    0x0802fb9e   0x00000044   Data   RO         2360    .constdata          menutemp_conf.o
    0x0802fbe2   0x00000024   Data   RO         2388    .constdata          pid.o
    0x0802fc06   0x00000002   PAD
    0x0802fc08   0x00000040   Data   RO         2740    .constdata          bacnet_ARM_with_bip_rev8.lib(bo.o)
    0x0802fc48   0x00000030   Data   RO         3151    .constdata          bacnet_ARM_with_bip_rev8.lib(bi.o)
    0x0802fc78   0x00000100   Data   RO         3251    .constdata          bacnet_ARM_with_bip_rev8.lib(bacstr.o)
    0x0802fd78   0x00000034   Data   RO         3449    .constdata          bacnet_ARM_with_bip_rev8.lib(datetime.o)
    0x0802fdac   0x00000004   PAD
    0x0802fdb0   0x00000038   Data   RO         3622    .constdata          m_ws.l(log.o)
    0x0802fde8   0x00000088   Data   RO         3632    .constdata          m_ws.l(pow.o)
    0x0802fe70   0x00000008   Data   RO         3983    .constdata          m_ws.l(qnan.o)
    0x0802fe78   0x00000081   Data   RO         4018    .constdata          mc_w.l(ctype_o.o)
    0x0802fef9   0x00000003   PAD
    0x0802fefc   0x00000004   Data   RO         4019    .constdata          mc_w.l(ctype_o.o)
    0x0802ff00   0x00000020   Data   RO         4096    Region$$Table       anon$$obj.o


    Execution Region RW_IRAM1 (Base: 0x20000000, Size: 0x0000fbd0, Max: 0x00010000, ABSOLUTE, COMPRESSED[0x00000190])

    Base Addr    Size         Type   Attr      Idx    E Section Name        Object

    0x20000000   0x00000019   Data   RW            3    .data               main.o
    0x20000019   0x00000003   PAD
    0x2000001c   0x00000014   Data   RW          571    .data               system_stm32f10x.o
    0x20000030   0x00000014   Data   RW          723    .data               stm32f10x_rcc.o
    0x20000044   0x00000009   Data   RW          859    .data               led.o
    0x2000004d   0x00000003   PAD
    0x20000050   0x00000004   Data   RW          927    .data               stmflash.o
    0x20000054   0x00000005   Data   RW         1031    .data               timerx.o
    0x20000059   0x00000003   PAD
    0x2000005c   0x00000008   Data   RW         1049    .data               enc28j60.o
    0x20000064   0x00000027   Data   RW         1065    .data               lcd.o
    0x2000008b   0x00000001   PAD
    0x2000008c   0x0000000c   Data   RW         1102    .data               rtc.o
    0x20000098   0x00000009   Data   RW         1268    .data               key.o
    0x200000a1   0x00000001   PAD
    0x200000a2   0x00000007   Data   RW         1287    .data               humidity.o
    0x200000a9   0x00000003   PAD
    0x200000ac   0x0000003c   Data   RW         1339    .data               tasks.o
    0x200000e8   0x00000004   Data   RW         1394    .data               port.o
    0x200000ec   0x00000018   Data   RW         1418    .data               heap_2.o
    0x20000104   0x00000004   Data   RW         1451    .data               delay.o
    0x20000108   0x00000040   Data   RW         1555    .data               uip.o
    0x20000148   0x00000008   Data   RW         1586    .data               uip_arp.o
    0x20000150   0x00000017   Data   RW         1766    .data               resolv.o
    0x20000167   0x00000001   PAD
    0x20000168   0x00000004   Data   RW         1784    .data               tcp_modbus.o
    0x2000016c   0x00000003   Data   RW         1818    .data               udp_scan.o
    0x2000016f   0x00000001   PAD
    0x20000170   0x00000015   Data   RW         1841    .data               modbus.o
    0x20000185   0x00000002   Data   RW         1866    .data               crc.o
    0x20000187   0x00000001   PAD
    0x20000188   0x00000018   Data   RW         1896    .data               bacnet_function.o
    0x200001a0   0x00000016   Data   RW         1939    .data               bip.o
    0x200001b6   0x00000008   Data   RW         2016    .data               io_control.o
    0x200001be   0x00000001   Data   RW         2051    .data               inputs.o
    0x200001bf   0x00000003   Data   RW         2072    .data               store.o
    0x200001c2   0x0000001a   Data   RW         2101    .data               co2.o
    0x200001dc   0x00000019   Data   RW         2120    .data               scan.o
    0x200001f5   0x00000003   PAD
    0x200001f8   0x00000010   Data   RW         2139    .data               sub_net.o
    0x20000208   0x0000000e   Data   RW         2158    .data               subnet_scan.o
    0x20000216   0x00000002   PAD
    0x20000218   0x00000030   Data   RW         2177    .data               analog_output.o
    0x20000248   0x00000069   Data   RW         2198    .data               temperature.o
    0x200002b1   0x00000003   PAD
    0x200002b4   0x000000d1   Data   RW         2233    .data               menu.o
    0x20000385   0x00000003   Data   RW         2267    .data               menuco2_conf.o
    0x20000388   0x00000004   Data   RW         2286    .data               menuco2_opt.o
    0x2000038c   0x00000004   Data   RW         2301    .data               menuhum_conf.o
    0x20000390   0x00000004   Data   RW         2315    .data               menuidle.o
    0x20000394   0x00000002   Data   RW         2330    .data               menumain.o
    0x20000396   0x0000000a   Data   RW         2345    .data               menumisc.o
    0x200003a0   0x00000004   Data   RW         2361    .data               menutemp_conf.o
    0x200003a4   0x0000000c   Data   RW         2389    .data               pid.o
    0x200003b0   0x00000001   Data   RW         2408    .data               bacnet_ARM_with_bip_rev8.lib(ai.o)
    0x200003b1   0x00000001   Data   RW         2589    .data               bacnet_ARM_with_bip_rev8.lib(ao.o)
    0x200003b2   0x00000001   Data   RW         2652    .data               bacnet_ARM_with_bip_rev8.lib(av.o)
    0x200003b3   0x00000001   Data   RW         2741    .data               bacnet_ARM_with_bip_rev8.lib(bo.o)
    0x200003b4   0x00000002   Data   RW         2880    .data               bacnet_ARM_with_bip_rev8.lib(bvlc.o)
    0x200003b6   0x00000002   PAD
    0x200003b8   0x00000008   Data   RW         2973    .data               bacnet_ARM_with_bip_rev8.lib(device.o)
    0x200003c0   0x00000034   Data   RW         2996    .data               bacnet_ARM_with_bip_rev8.lib(dlmstp.o)
    0x200003f4   0x00000002   Data   RW         3071    .data               bacnet_ARM_with_bip_rev8.lib(rs485.o)
    0x200003f6   0x00000002   PAD
    0x200003f8   0x00000039   Data   RW         3131    .data               bacnet_ARM_with_bip_rev8.lib(apdu.o)
    0x20000431   0x00000016   Data   RW         3152    .data               bacnet_ARM_with_bip_rev8.lib(bi.o)
    0x20000447   0x00000001   PAD
    0x20000448   0x0000000c   Data   RW         3183    .data               bacnet_ARM_with_bip_rev8.lib(bacapp.o)
    0x20000454   0x00000001   Data   RW         3277    .data               bacnet_ARM_with_bip_rev8.lib(h_whois.o)
    0x20000455   0x00000001   Data   RW         3278    .data               bacnet_ARM_with_bip_rev8.lib(h_whois.o)
    0x20000456   0x00000002   PAD
    0x20000458   0x00000008   Data   RW         3495    .data               bacnet_ARM_with_bip_rev8.lib(dcc.o)
    0x20000460   0x00000004   Data   RW         3648    .data               mc_w.l(rand.o)
    0x20000464   0x00000004   Data   RW         4008    .data               mc_w.l(stdout.o)
    0x20000468   0x00000004   Data   RW         4048    .data               mc_w.l(errno.o)
    0x2000046c   0x00000258   Zero   RW            2    .bss                main.o
    0x200006c4   0x000000c8   Zero   RW         1063    .bss                lcd.o
    0x2000078c   0x00000030   Zero   RW         1286    .bss                humidity.o
    0x200007bc   0x000000a0   Zero   RW         1305    .bss                analog_inputs.o
    0x2000085c   0x00000104   Zero   RW         1338    .bss                tasks.o
    0x20000960   0x00005000   Zero   RW         1417    .bss                heap_2.o
    0x20005960   0x00000e00   Zero   RW         1553    .bss                uip.o
    0x20006760   0x00000060   Zero   RW         1584    .bss                uip_arp.o
    0x200067c0   0x00000034   Zero   RW         1741    .bss                dhcpc.o
    0x200067f4   0x000000a8   Zero   RW         1765    .bss                resolv.o
    0x2000689c   0x00000258   Zero   RW         1783    .bss                tcp_modbus.o
    0x20006af4   0x00000168   Zero   RW         1817    .bss                udp_scan.o
    0x20006c5c   0x000002f4   Zero   RW         1840    .bss                modbus.o
    0x20006f50   0x00000532   Zero   RW         1938    .bss                bip.o
    0x20007482   0x0000002d   Zero   RW         2030    .bss                outputs.o
    0x200074af   0x00000001   PAD
    0x200074b0   0x000002ea   Zero   RW         2049    .bss                inputs.o
    0x2000779a   0x00000888   Zero   RW         2070    .bss                store.o
    0x20008022   0x00000002   PAD
    0x20008024   0x00001414   Zero   RW         2099    .bss                co2.o
    0x20009438   0x000000e4   Zero   RW         2119    .bss                scan.o
    0x2000951c   0x00000028   Zero   RW         2138    .bss                sub_net.o
    0x20009544   0x00000014   Zero   RW         2157    .bss                subnet_scan.o
    0x20009558   0x00000018   Zero   RW         2176    .bss                analog_output.o
    0x20009570   0x00000028   Zero   RW         2196    .bss                temperature.o
    0x20009598   0x0000005c   Zero   RW         2231    .bss                menu.o
    0x200095f4   0x0000008a   Zero   RW         2387    .bss                pid.o
    0x2000967e   0x00000002   PAD
    0x20009680   0x00001000   Zero   RW         2588    .bss                bacnet_ARM_with_bip_rev8.lib(ao.o)
    0x2000a680   0x000023dc   Zero   RW         2671    .bss                bacnet_ARM_with_bip_rev8.lib(address.o)
    0x2000ca5c   0x00000400   Zero   RW         2739    .bss                bacnet_ARM_with_bip_rev8.lib(bo.o)
    0x2000ce5c   0x00001010   Zero   RW         2879    .bss                bacnet_ARM_with_bip_rev8.lib(bvlc.o)
    0x2000de6c   0x00000014   Zero   RW         2972    .bss                bacnet_ARM_with_bip_rev8.lib(device.o)
    0x2000de80   0x00000258   Zero   RW         2995    .bss                bacnet_ARM_with_bip_rev8.lib(dlmstp.o)
    0x2000e0d8   0x00000210   Zero   RW         3068    .bss                bacnet_ARM_with_bip_rev8.lib(rs485.o)
    0x2000e2e8   0x00000194   Zero   RW         3130    .bss                bacnet_ARM_with_bip_rev8.lib(apdu.o)
    0x2000e47c   0x00000270   Zero   RW         3302    .bss                bacnet_ARM_with_bip_rev8.lib(h_wp.o)
    0x2000e6ec   0x000004e4   Zero   RW         3563    .bss                bacnet_ARM_with_bip_rev8.lib(txbuf.o)
    0x2000ebd0   0x00001000   Zero   RW          852    STACK               startup_stm32f10x_hd.o


==============================================================================

Image component sizes


      Code (inc. data)   RO Data    RW Data    ZI Data      Debug   Object Name

       504          4          0          0          0       4162   24cxx.o
       784         32          0          0        160      11156   analog_inputs.o
      1072         80          0         48         24       5232   analog_output.o
      7164        350          0         24          0       8584   bacnet_function.o
       996         54          0         22       1330      13317   bip.o
        12          6          0          0          0        425   clock-arch.o
         0          0          0         26       5140       6432   co2.o
         0          0          0          0          0         32   cortexm3_macro_rvds.o
       116         18        512          2          0       1456   crc.o
       216         10          0          4          0       1147   delay.o
      1312         44          8          0         52      12767   dhcpc.o
      1240         18          0          8          0       4402   enc28j60.o
       280         22          0         24      20480       3384   heap_2.o
       644         90          0          0          0       1146   hum_para.o
      3808         74          0          7         48      12210   humidity.o
         0          0         20          0          0        563   info.o
      1088         60        290          1        746       3362   inputs.o
       348         14          0          8          0       2824   io_control.o
       392         32          0          9          0       1267   key.o
      3240        274       2764         39        200       9896   lcd.o
         0          0          0          9          0        445   led.o
       148          0          0          0          0       3173   list.o
      4084        464          0         25        600     341387   main.o
      1056        272         33        209         92       4847   menu.o
         6          0          0          0          0        677   menuabout.o
       644         88         17          3          0       1878   menuco2_conf.o
      2584        138         64          4          0       2291   menuco2_opt.o
      1440        150         40          4          0       1954   menuhum_conf.o
       316         94          0          4          0       1094   menuidle.o
       848        102         85          2          0       1714   menumain.o
     14456       1192        405         10          0       6776   menumisc.o
      3584        294         68          4          0       2481   menutemp_conf.o
       220         22          0          0          0     206505   misc.o
     17076        820          0         21        756      33380   modbus.o
       544         14          0          0          0       2087   myiic.o
         0          0          0          0         45        506   outputs.o
      1568        102         36         12        138       3551   pid.o
       352         30          0          4          0       2517   port.o
         0          0          0          0          0       7753   psock.o
      1366          0          0          0          0       7397   queue.o
      1072        120          0         23        168       4486   resolv.o
      1184        198         24         12          0      45156   rtc.o
      3512        244          0         25        228       9128   scan.o
      1684         36       3672          0          0       4029   spec_font.o
       548         14          0          0          0       1864   spi.o
        36          8        304          0       4096        772   startup_stm32f10x_hd.o
      1102         26          0          0          0      19817   stm32f10x_adc.o
       196          8          0          0          0       3420   stm32f10x_bkp.o
       596          8          0          0          0       4286   stm32f10x_dma.o
       860         38          0          0          0       5601   stm32f10x_gpio.o
       192        102          0          0          0       1358   stm32f10x_it.o
        64          6          0          0          0       1245   stm32f10x_iwdg.o
       204         14          0          0          0       1895   stm32f10x_pwr.o
       932         36          0         20          0       8752   stm32f10x_rcc.o
       328          4          0          0          0       2646   stm32f10x_rtc.o
       780         14          0          0          0       6486   stm32f10x_spi.o
      3610         88          0          0          0      22088   stm32f10x_tim.o
      1032         22          0          0          0       8328   stm32f10x_usart.o
       546         22          0          4          0       4702   stmflash.o
       420         28       1710          3       2184       1895   store.o
       880         60          0         16         40       4231   sub_net.o
      1336         78          0         14         20       4509   subnet_scan.o
       480         38          0         20          0       1671   system_stm32f10x.o
       596         32          0          0          0       8631   tapdev.o
      2780        192          0         60        260      13116   tasks.o
        48         10          0          0          0        602   tcp_demo.o
       608        164          0          4        600       3002   tcp_modbus.o
      3856        308         66        105         40       6358   temperature.o
        64          0          0          0          0       1324   timer.o
       540         30          0          5          0       2052   timerx.o
      1404         82          0          3        360       2900   udp_scan.o
      6124        644          8         64       3584      16471   uip.o
      1036         60         10          8         96       3671   uip_arp.o
       640         30          0          0          0       1507   usart.o

    ----------------------------------------------------------------------
    112808       7728      10172        944      41492     964176   Object Totals
         0          0         32          0          0          0   (incl. Generated)
        10          0          4         25          5          0   (incl. Padding)

    ----------------------------------------------------------------------

      Code (inc. data)   RO Data    RW Data    ZI Data      Debug   Library Member Name

        94          6          0          0          0       1882   abort.o
      1504         20          0          0       9180      11602   address.o
       680          4          0          1          0      53451   ai.o
      1190         18          0          1       4096       8465   ao.o
       852         86          0         57        404       6509   apdu.o
       680          6          0          1          0       3744   av.o
       176          0          0          0          0       1578   bacaddr.o
      2084        146          0         12          0      10440   bacapp.o
      3472         20          0          0          0      27898   bacdcode.o
       194          0          0          0          0       2248   bacerror.o
       340          6          0          0          0       3720   bacint.o
       328          0          0          0          0       3406   bacreal.o
      1452         12        256          0          0      13231   bacstr.o
       956          8         48         22          0       6524   bi.o
      1274         24         64          1       1024      47350   bo.o
      2396         72          0          2       4112      12786   bvlc.o
        78          0          0          0          0        808   crc.o
       124          0          0          0          0      41688   datalink.o
      1864          6         52          0          0      14880   datetime.o
       424          4          0          8          0       3561   dcc.o
      1392         58          0          8         20       5174   device.o
      3108         68          0         52        600      11861   dlmstp.o
       370          0          0          0          0       4085   fifo.o
        94          0          0          0          0       1589   h_iam.o
        94          0          0          0          0       1255   h_npdu.o
       468         18          0          0          0       2277   h_rp.o
        72          8          0          2          0       1646   h_whois.o
       472         20          0          0        624       2313   h_wp.o
       326          0          0          0          0       2383   iam.o
        84          4          0          0          0       1343   noserv.o
       692          0          0          0          0       2923   npdu.o
       108         10          0          0          0       1897   reject.o
       644          0          0          0          0       3727   rp.o
       184         18          0          2        528       3351   rs485.o
       238          0          0          0          0       2484   s_iam.o
       280          4          0          0          0       2732   s_whois.o
         0          0          0          0       1252        626   txbuf.o
       190          0          0          0          0       1729   whois.o
       456          0          0          0          0       2119   wp.o
        68         10          0          0          0        408   dunder.o
        40          0          0          0          0         68   fpclassify.o
       860         52         56          0          0        256   log.o
       170          0          0          0          0         96   poly.o
      2488        190        136          0          0        300   pow.o
         0          0          8          0          0          0   qnan.o
        76          0          0          0          0         84   sqrt.o
        28          0          0          0          0         80   strtod.o
        56          8          0          0          0         84   __0sscanf.o
        86          0          0          0          0          0   __dczerorl2.o
        28          0          0          0          0         68   _chval.o
       812          4          0          0          0        112   _scanf.o
       332          0          0          0          0         96   _scanf_int.o
        64          0          0          0          0         84   _sgetc.o
       158          0          0          0          0         92   _strtoul.o
         8          4        133          0          0         68   ctype_o.o
         0          0          0          0          0          0   entry.o
         0          0          0          0          0          0   entry10a.o
         0          0          0          0          0          0   entry11a.o
         8          4          0          0          0          0   entry2.o
         4          0          0          0          0          0   entry5.o
         0          0          0          0          0          0   entry7b.o
         0          0          0          0          0          0   entry8b.o
         8          4          0          0          0          0   entry9a.o
        20         10          0          4          0        136   errno.o
        18          0          0          0          0         80   fputc.o
        30          0          0          0          0          0   handlers.o
        36          8          0          0          0         68   init.o
        18          0          0          0          0         76   isspace_o.o
         0          0          0          0          0          0   iusefp.o
         0          0          0          0          0          0   iusesemip.o
        30          0          0          0          0         68   llshl.o
        36          0          0          0          0         68   llsshr.o
        32          0          0          0          0         68   llushr.o
        26          0          0          0          0         80   memcmp.o
        36          0          0          0          0         68   memcpya.o
        36          0          0          0          0        108   memseta.o
      1204         60          0          0          0        504   printf8.o
        36         10          0          4          0        136   rand.o
        40          8          0          0          0         84   scanf_char.o
       838         12          0          0          0        216   scanf_fp.o
         0          0          0          0          0          0   semi.o
         0          0          0          4          0          0   stdout.o
        24          0          0          0          0         68   strcat.o
        28          0          0          0          0         76   strcmp.o
        18          0          0          0          0         68   strcpy.o
        14          0          0          0          0         68   strlen.o
        40          0          0          0          0         76   strncat.o
        24          0          0          0          0         76   strncpy.o
       156         14          0          0          0        120   strtod.o
       112          0          0          0          0         88   strtol.o
       114          0          0          0          0         92   strtoul.o
        98          0          0          0          0         92   uldiv.o
        48          0          0          0          0         68   cdcmple.o
        48          0          0          0          0         68   cdrcmple.o
        56          0          0          0          0         88   d2f.o
       334          0          0          0          0        148   dadd.o
       222          0          0          0          0        100   ddiv.o
       186          0          0          0          0        176   depilogue.o
        34          0          0          0          0         76   dflti.o
        24          0          0          0          0         76   dfltul.o
       228          0          0          0          0         96   dmul.o
        46          0          0          0          0         80   dscalb.o
       162          0          0          0          0        100   dsqrt.o
        38          0          0          0          0         68   f2d.o
       176          0          0          0          0        140   fadd.o
       124          0          0          0          0         88   fdiv.o
       110          0          0          0          0        168   fepilogue.o
        50          0          0          0          0         68   ffixi.o
        40          0          0          0          0         68   ffixui.o
        18          0          0          0          0         68   fflti.o
        10          0          0          0          0         68   ffltui.o
       100          0          0          0          0         76   fmul.o

    ----------------------------------------------------------------------
     39876       1044        760        188      21840     337653   Library Totals
        30          0          7          7          0          0   (incl. Padding)

    ----------------------------------------------------------------------

      Code (inc. data)   RO Data    RW Data    ZI Data      Debug   Library Name

     29434        646        420        169      21840     331285   bacnet_ARM_with_bip_rev8.lib
      3730        252        200          0          0       1292   m_ws.l
      4628        146        133         12          0       3188   mc_w.l
      2054          0          0          0          0       1888   mf_w.l

    ----------------------------------------------------------------------
     39876       1044        760        188      21840     337653   Library Totals

    ----------------------------------------------------------------------

==============================================================================


      Code (inc. data)   RO Data    RW Data    ZI Data      Debug   

    152684       8772      10932       1132      63332    1287605   Grand Totals
    152684       8772      10932        400      63332    1287605   ELF Image Totals (compressed)
    152684       8772      10932        400          0          0   ROM Totals

==============================================================================

    Total RO  Size (Code + RO Data)               163616 ( 159.78kB)
    Total RW  Size (RW Data + ZI Data)             64464 (  62.95kB)
    Total ROM Size (Code + RO Data + RW Data)     164016 ( 160.17kB)

==============================================================================

